
==========================================================================================
EXPERIMENT 1: THRESHOLD DECOUPLING ABLATION (Question 4)
Does positive protection come from threshold shift, or genuine feature gain?
==========================================================================================
Backbone     | Configuration    |  U- NegRec |     U+ FRR | U+ R@1(0.5) | Unseen RejF1 | Unseen AUC
------------------------------------------------------------------------------------------
Moment-DETR  | Base + BAcc Thresh       |     31.96% |     29.71% |      24.28% |       35.10% |     52.87%
             | Base + Shifted Thresh    |     28.81% |     26.65% |      25.90% |       31.61% |     52.87%
             | CoG + BAcc Thresh        |     37.09% |     24.72% |      27.12% |       46.08% |     61.42%
             | CoG + Guard Thresh (Ours) |     34.27% |     25.95% |      26.76% |       41.46% |     61.42%
------------------------------------------------------------------------------------------
QD-DETR      | Base + BAcc Thresh       |     21.47% |     18.76% |      30.63% |       28.51% |     51.44%
             | Base + Shifted Thresh    |     15.43% |     14.31% |      32.35% |       22.20% |     51.44%
             | CoG + BAcc Thresh        |     33.56% |     28.05% |      28.35% |       41.48% |     60.01%
             | CoG + Guard Thresh (Ours) |     25.58% |     15.89% |      32.27% |       35.90% |     60.01%
------------------------------------------------------------------------------------------
FlashVTG     | Base + BAcc Thresh       |     27.04% |     21.85% |      33.63% |       33.42% |     57.14%
             | Base + Shifted Thresh    |     23.59% |     18.17% |      35.12% |       30.12% |     57.14%
             | CoG + BAcc Thresh        |     41.66% |     28.51% |      31.23% |       50.23% |     62.50%
             | CoG + Guard Thresh (Ours) |     31.97% |     21.19% |      34.30% |       41.15% |     62.50%
------------------------------------------------------------------------------------------

==========================================================================================
EXPERIMENT 2: FUSION WEIGHT SWEEP (Question 3)
Why 50/50? Sweeping w_det from 0.0 (pure evidence) to 1.0 (pure detector)
==========================================================================================
Backbone     | w_det  |  U- NegRec |     U+ FRR | U+ R@1(0.5) | Unseen RejF1 | Unseen AUC
--------------------------------------------------------------------------------
Moment-DETR  | 0.0    |     32.95% |     20.78% |      28.34% |       45.66% |     61.34%
             | 0.2    |     35.70% |     21.79% |      28.88% |       47.97% |     61.88%
             | 0.4    |     35.09% |     22.10% |      28.45% |       44.14% |     61.87%
             | 0.5    |     34.27% |     25.95% |      26.76% |       41.46% |     61.42%
             | 0.6    |     32.86% |     26.66% |      25.89% |       38.28% |     60.46%
             | 0.8    |     30.34% |     26.19% |      25.83% |       34.00% |     57.28%
             | 1.0    |     28.80% |     26.76% |      25.90% |       31.57% |     52.87%
--------------------------------------------------------------------------------
QD-DETR      | 0.0    |     29.03% |     17.79% |      31.74% |       40.73% |     61.34%
             | 0.2    |     32.10% |     18.27% |      31.24% |       44.46% |     61.50%
             | 0.4    |     27.66% |     17.13% |      31.30% |       38.82% |     60.78%
             | 0.5    |     25.58% |     15.89% |      32.27% |       35.90% |     60.01%
             | 0.6    |     24.28% |     15.95% |      32.40% |       33.75% |     59.11%
             | 0.8    |     20.92% |     15.52% |      32.56% |       28.55% |     56.84%
             | 1.0    |     15.82% |     14.31% |      32.35% |       22.56% |     51.44%
--------------------------------------------------------------------------------
FlashVTG     | 0.0    |     30.06% |     19.32% |      34.69% |       42.89% |     61.34%
             | 0.2    |     32.91% |     19.66% |      35.14% |       45.84% |     62.17%
             | 0.4    |     33.96% |     20.46% |      34.61% |       45.23% |     62.47%
             | 0.5    |     31.97% |     21.19% |      34.30% |       41.15% |     62.50%
             | 0.6    |     29.86% |     21.10% |      33.58% |       37.34% |     62.22%
             | 0.8    |     25.27% |     18.29% |      34.08% |       32.22% |     60.51%
             | 1.0    |     23.59% |     18.17% |      35.12% |       30.12% |     57.15%
--------------------------------------------------------------------------------

==========================================================================================
EXPERIMENT 3: EVIDENCE WEIGHT & CHANNEL ABLATIONS (Question 2)
Why these evidence weights? Comparing Heuristic vs Equal vs Single Channels vs Learned
==========================================================================================
Backbone     | Evidence Scheme        |  U- NegRec |     U+ FRR | U+ R@1(0.5) | Unseen RejF1 | Unseen AUC
--------------------------------------------------------------------------------------------
Moment-DETR  | full_heuristic         |     34.27% |     25.95% |      26.76% |       41.46% |     61.42%
             | equal_weights          |     34.08% |     25.21% |      26.97% |       41.30% |     61.21%
             | peak_alone             |     29.92% |     23.71% |      27.63% |       37.08% |     60.00%
             | obj_align_alone        |     29.65% |     25.01% |      26.49% |       36.62% |     57.10%
             | vel_diff_alone         |     25.86% |     22.62% |      27.05% |       33.41% |     53.17%
             | learned_val_logistic   |     30.33% |     24.82% |      26.89% |       38.33% |     58.76%
--------------------------------------------------------------------------------------------
QD-DETR      | full_heuristic         |     25.58% |     15.89% |      32.27% |       35.90% |     60.01%
             | equal_weights          |     25.58% |     15.84% |      32.14% |       36.24% |     59.81%
             | peak_alone             |     22.71% |     16.72% |      31.87% |       32.55% |     58.27%
             | obj_align_alone        |     23.45% |     16.74% |      32.03% |       34.01% |     56.08%
             | vel_diff_alone         |     20.17% |     16.09% |      31.56% |       29.63% |     51.50%
             | learned_val_logistic   |     23.20% |     16.54% |      31.87% |       33.92% |     57.33%
--------------------------------------------------------------------------------------------
FlashVTG     | full_heuristic         |     31.97% |     21.19% |      34.30% |       41.15% |     62.50%
             | equal_weights          |     31.22% |     20.14% |      34.39% |       40.65% |     62.32%
             | peak_alone             |     26.56% |     20.41% |      34.56% |       35.10% |     60.75%
             | obj_align_alone        |     25.55% |     19.78% |      35.70% |       34.67% |     57.87%
             | vel_diff_alone         |     21.96% |     16.81% |      36.76% |       31.11% |     54.42%
             | learned_val_logistic   |     26.75% |     20.62% |      34.10% |       36.47% |     58.98%
--------------------------------------------------------------------------------------------

==========================================================================================
EXPERIMENT 4: ROUTING RULE ABLATIONS (Question 1)
Why these 3 routing rules? Comparing 3-Branch vs No-Routing vs Scrambled vs 2-Branch
==========================================================================================
Backbone     | Routing Scheme       |  U- NegRec |     U+ FRR | U+ R@1(0.5) | Unseen RejF1 | Unseen AUC
------------------------------------------------------------------------------------------
Moment-DETR  | 3_branch_routing     |     34.27% |     25.95% |      26.76% |       41.46% |     61.42%
             | no_routing_unified   |     25.95% |     22.67% |      27.05% |       33.66% |     53.62%
             | scrambled_routing    |     25.83% |     25.88% |      26.11% |       32.85% |     52.55%
             | 2_branch_routing     |     32.97% |     24.01% |      27.58% |       40.28% |     61.35%
------------------------------------------------------------------------------------------
QD-DETR      | 3_branch_routing     |     25.58% |     15.89% |      32.27% |       35.90% |     60.01%
             | no_routing_unified   |     20.16% |     16.57% |      31.46% |       29.68% |     51.96%
             | scrambled_routing    |     19.34% |     16.43% |      31.63% |       28.83% |     51.08%
             | 2_branch_routing     |     23.94% |     14.32% |      32.58% |       34.56% |     59.88%
------------------------------------------------------------------------------------------
FlashVTG     | 3_branch_routing     |     31.97% |     21.19% |      34.30% |       41.15% |     62.50%
             | no_routing_unified   |     22.81% |     17.29% |      36.49% |       32.30% |     54.85%
             | scrambled_routing    |     22.26% |     20.53% |      34.77% |       31.15% |     53.49%
             | 2_branch_routing     |     30.53% |     19.79% |      35.00% |       40.31% |     62.33%
------------------------------------------------------------------------------------------
