{
  "seen": {
    "original_AUROC": {
      "point": 0.8329720202453679,
      "ci95": [
        0.8090248011460162,
        0.8541712108929852
      ],
      "valid_resamples": 1000
    },
    "native_logit_AUROC": {
      "point": 0.8351519340353137,
      "ci95": [
        0.8107082089101606,
        0.8564290653576827
      ],
      "valid_resamples": 1000
    },
    "logit_minus_original_AUROC": {
      "point": 0.0021799137899458643,
      "ci95": [
        -0.0008547939710260974,
        0.005133754256272841
      ],
      "valid_resamples": 1000
    },
    "logit_minus_native_sigmoid_AUROC": {
      "point": 7.530412830710395e-07,
      "ci95": [
        -2.2318206088209336e-05,
        2.1931075789966e-05
      ],
      "valid_resamples": 1000
    },
    "native_sigmoid_minus_serialized_AUROC": {
      "point": 0.002179160748662793,
      "ci95": [
        -0.0008597467274745852,
        0.005157957276168018
      ],
      "valid_resamples": 1000
    },
    "raw_R1_05": {
      "point": 0.3649858562709185,
      "ci95": [
        0.3323891323132843,
        0.39800072645942
      ],
      "valid_resamples": 1000
    },
    "oracle_any_candidate_R_05": {
      "point": 0.8166162296743806,
      "ci95": [
        0.7883063937635728,
        0.8422921001181936
      ],
      "valid_resamples": 1000
    },
    "ranking_error_fraction_of_positives": {
      "point": 0.4516303734034621,
      "ci95": [
        0.4164354359042843,
        0.48772810239619657
      ],
      "valid_resamples": 1000
    },
    "candidate_miss_fraction_of_positives": {
      "point": 0.18338377032561945,
      "ci95": [
        0.15770789988180636,
        0.21169360623642725
      ],
      "valid_resamples": 1000
    },
    "native_exist_quality_AUC_Splus": {
      "point": 0.47786493157895665,
      "ci95": [
        0.43917384873446336,
        0.5134167088439551
      ],
      "valid_resamples": 1000
    }
  },
  "pseudo": {
    "original_AUROC": {
      "point": 0.5872520023747171,
      "ci95": [
        0.560499708831879,
        0.6119285869896038
      ],
      "valid_resamples": 1000
    },
    "native_logit_AUROC": {
      "point": 0.5858717062755227,
      "ci95": [
        0.5565665224853771,
        0.6124834167768968
      ],
      "valid_resamples": 1000
    },
    "logit_minus_original_AUROC": {
      "point": -0.0013802960991943225,
      "ci95": [
        -0.01339142406947034,
        0.011643556679359325
      ],
      "valid_resamples": 1000
    },
    "logit_minus_native_sigmoid_AUROC": {
      "point": 1.9860958442197152e-05,
      "ci95": [
        -0.0001048660996417002,
        0.00014988450446660147
      ],
      "valid_resamples": 1000
    },
    "native_sigmoid_minus_serialized_AUROC": {
      "point": -0.0014001570576365197,
      "ci95": [
        -0.013418845947806799,
        0.011611039496962246
      ],
      "valid_resamples": 1000
    },
    "raw_R1_05": {
      "point": 0.29362763491135785,
      "ci95": [
        0.2702729276560718,
        0.31587730326254454
      ],
      "valid_resamples": 1000
    },
    "oracle_any_candidate_R_05": {
      "point": 0.7059580070134425,
      "ci95": [
        0.6821845895131416,
        0.7284824848869134
      ],
      "valid_resamples": 1000
    },
    "ranking_error_fraction_of_positives": {
      "point": 0.41233037210208456,
      "ci95": [
        0.3878291062909865,
        0.4373460081496161
      ],
      "valid_resamples": 1000
    },
    "candidate_miss_fraction_of_positives": {
      "point": 0.2940419929865576,
      "ci95": [
        0.2715175151130866,
        0.3178154104868584
      ],
      "valid_resamples": 1000
    },
    "native_exist_quality_AUC_Splus": {
      "point": 0.45023371658386274,
      "ci95": [
        0.41657695481153,
        0.48276153254135845
      ],
      "valid_resamples": 1000
    }
  }
}
