{
  "state": "completed",
  "baseline_equal_family_mean": {
    "pseudo": {
      "AUROC": {
        "point": 0.5872520023747171,
        "ci_level": 0.975,
        "ci": [
          0.5572876304308823,
          0.6145576836895199
        ],
        "valid_resamples": 1000
      },
      "raw_R1_05": {
        "point": 0.29362763491135785,
        "ci_level": 0.975,
        "ci": [
          0.2669078661192343,
          0.3192471166072328
        ],
        "valid_resamples": 1000
      },
      "gated_R1_05": {
        "point": 0.29647201441652055,
        "ci_level": 0.95,
        "ci": [
          0.27316907179657124,
          0.32047290598556566
        ],
        "valid_resamples": 1000
      },
      "FRR": {
        "point": 0.09933961620884472,
        "ci_level": 0.95,
        "ci": [
          0.08585090709500365,
          0.11363597699227673
        ],
        "valid_resamples": 1000
      },
      "RR": {
        "point": 0.1770362710744892,
        "ci_level": 0.95,
        "ci": [
          0.14721402519652557,
          0.21125314461025033
        ],
        "valid_resamples": 1000
      },
      "raw_correct_rejected_rate": {
        "point": 0.10997336204589446,
        "ci_level": 0.95,
        "ci": [
          0.08263200112853764,
          0.1385865749682349
        ],
        "valid_resamples": 1000
      }
    },
    "seen": {
      "AUROC": {
        "point": 0.8329720202453679,
        "ci_level": 0.975,
        "ci": [
          0.8054962791657936,
          0.856512982969963
        ],
        "valid_resamples": 1000
      },
      "raw_R1_05": {
        "point": 0.3649858562709185,
        "ci_level": 0.975,
        "ci": [
          0.32859277104133455,
          0.4007940410343201
        ],
        "valid_resamples": 1000
      },
      "gated_R1_05": {
        "point": 0.3683457777144619,
        "ci_level": 0.95,
        "ci": [
          0.33585731757420884,
          0.4002539550407898
        ],
        "valid_resamples": 1000
      },
      "FRR": {
        "point": 0.2547068865234742,
        "ci_level": 0.95,
        "ci": [
          0.22431897286649857,
          0.2820221023463264
        ],
        "valid_resamples": 1000
      },
      "RR": {
        "point": 0.8041648061625629,
        "ci_level": 0.95,
        "ci": [
          0.7631524300797349,
          0.8370285813665417
        ],
        "valid_resamples": 1000
      },
      "raw_correct_rejected_rate": {
        "point": 0.23834841628959272,
        "ci_level": 0.95,
        "ci": [
          0.19922023790582932,
          0.28025786147228077
        ],
        "valid_resamples": 1000
      }
    }
  },
  "gradient_clue": {
    "throw/baseline": false,
    "open_close/baseline": false,
    "sit/baseline": false,
    "throw/adapter": false
  }
}
