hashing 18074 input feature assets
throw/train 16 / 7559
throw/train 1616 / 7559
throw/train 3216 / 7559
throw/train 4816 / 7559
throw/train 6416 / 7559
throw/seen 16 / 1185
throw/pseudo 16 / 570
throw/canonical 16 / 36
open_close/train 16 / 4625
open_close/train 1616 / 4625
open_close/train 3216 / 4625
open_close/seen 16 / 722
open_close/pseudo 16 / 2827
open_close/pseudo 1616 / 2827
open_close/canonical 16 / 1598
sit/train 16 / 6978
sit/train 1616 / 6978
sit/train 3216 / 6978
sit/train 4816 / 6978
sit/train 6416 / 6978
sit/seen 16 / 1065
sit/pseudo 16 / 976
sit/canonical 16 / 229
all frozen representations collected
