probe fitted throw early_global 106
probe fitted throw memory_global 113
probe fitted throw decoder_global 99
probe fitted throw text_global 689
probe fitted throw video_global 719
probe fitted throw memory_window 92
probe fitted open_close early_global 172
probe fitted open_close memory_global 172
probe fitted open_close decoder_global 182
probe fitted open_close text_global 488
probe fitted open_close video_global 553
probe fitted open_close memory_window 145
probe fitted sit early_global 680
probe fitted sit memory_global 854
probe fitted sit decoder_global 774
probe fitted sit text_global 766
probe fitted sit video_global 795
probe fitted sit memory_window 703
evaluated throw/seen
evaluated throw/pseudo
evaluated throw/canonical
evaluated open_close/seen
evaluated open_close/pseudo
evaluated open_close/canonical
evaluated sit/seen
evaluated sit/pseudo
evaluated sit/canonical
temporal probe analysis complete
